// Jest Snapshot v1, https://goo.gl/fbAQLP

exports[`Componente de Transação no extrarto  o snapshot do componente deve ser sempre o mesmo  1`] = `undefined`;
 

